There is no way of packing that polygon.
The polygon can be packed in the circle.
