0.156637 11.108406 1.981294 6.546766 
4.000000 6.000000 

