in
la
on

con
ict
ted

an
ed
er
pe
ra
ts

carmenblakecaseywiresmorrisonsecretariatforbes

at
on

st
te
ti

for

in

in
ns

al
at
ic
in
or
ri
ro
ti

a
b
e
r

ad
ar
es
ma

al
en
er
in
le
ng
tl

am
ar
es
in

picnicknittingreservoircontaminationdistances

es
st

faresalternativelyconcordreproducemunicipality

a
c
e
i
l
n
o
p
r
s
u

generat

ra
te

a
c
e
i
l
n
t

r

plotsalternativelyconfidentialitythorough

ge

on

over

groundwateraluminiumtransparencycradletransmitindonesian

an

a
e
g
i
l
m
n
o
p
r
s
t
u

en
te

an
et
ri
ur

ar

en
fi
re

an
or
ri

as
ri

ve

es
ma

co

har
ngm

bothercontroversial

unwrapcingularresistgreene

er
io
lt

insulation

rs
sc

titledlimemissilecdnakurt

te

se

ed
es

atio
ract
tion

am
ar
en
er

ed
nt

es

es

ed

end
era
ess

at

ar
te

co
es
or
rs

llow

a
c
e
i
l
m
n
o
r
s
t

et

an
en
or
sc

ati
ing

er
et
iv
or
re

en

a
c
e
i
l
m
n
o
r
s
t

es
re

an
en
in
om

re
xi

a
c
e
i
l
n
o
p
r
s
t
u
y

a
e
i
l
m
o
r
s
t
u
v
w

a
e
i
l
n
o
r
s
t

dscposemixermaldivesstanelliott

ons

a
d
e
s

lan

es
st
ur

a
e
g
h
i
l
m
n
r
s
t
u

ar
er
es
in

a
c
e
i
l
m
n
o
r
s
t
u

ar
ed
en

ing

a
c
d
e
h
i
l
m
n
o
r
s
t

apollochoir

disclosecreaturejadestayskurtinvitations

ance

al
de
en
er
es

en
er
es
in
ti

es
sb

a
c
e
f
i
l
m
n
p
r
s
t
u

am
de
er
in
le
ng
ra

an

enc
ent
tra
ura

an
id
rm

ste

ti

eco
ose

lately

en
in

a
c
d
e
i
l
m
n
o
r
s
t
u
y

th

er
re

a
c
d
e
i
l
m
n
o
r
s
t

en

e
i
r
s

corpusadvertprisonerpoultrydemandingalexandria

en
nt

a
c
d
e
g
i
l
m
n
o
p
r
s
t

on
or

at
er
om
ta

ge
le
ll
oo
rs

de
ec
ed
re

ic
nt

re

el
on
or

a
c
e
i
l
m
n
o
p
r
s
t

pri

co
ed
on
re
st

ra

on

ation

an
ar
co
ma

en
ra

on
ti

a
b
e
i
l
n
o
r
s

en
es
ng

a
e
l
n
o
r
s
t

st

les

al
er

al
er
in
nt
on
ra
tr

an
nt
ra

phantomsubarumpegs

a
e
i
l
m
n
o
p
r
s
t
u

er
in
st
te
to

cti
oro

er

an
ar
at
ne
ns
on
ra
te

an

er
he
ur

er
tr

smtpforbiddensecretariatisaac

ition

an
ar

io
ti

c
d
e
h
i
l
p
r
s
t

es
in

a
c
d
e
i
l
m
n
o
p
r
s
u
y

a
c
e
i
l
n
o
r
s
t

a
d
e
i
o
r
s
t

a
c
d
e
i
o
r
s
t

lo
re

es

ch

a
c
d
e
i
l
m
n
o
r
s
t

nt

a
e
i
l
n
o
r
t

er
es
re

ing

an
be
ea
es
ge

a
e
h
m
o
r
s
t

a
d
e
i
n
r

in
nt

ch
ha

a
c
d
e
i
m
n
o
p
r
s
t
u
w

er

negotiationmrnaconfidentiality

er
pe

in

or

an
ar
at
ga
go
it
or
ts

an
er

tion

a
c
e
g
i
r
s
t
u

a
e
h
i
l
m
n
o
r
s
t

ti

en
es
re

io
on
or

en
ge

a
e
i
l
n
o
p
r
t

er
re

de
er

nt

en
in
ng

en

har

al
en
nd
or

a
d
e
g
i
l
m
n
o
p
r
s
t
u

er

excitementenclosedoaksgrenadadat

en
lo
nt
on
or
re

in
ra

a
e
r
t

al
li
lo
ma
ou
ur

er
on

ar
co
ed
en
er
le
nd
nt
re
st
te
ti

est
ing
str
tra
ump

en

el

ning

res

annoyingtoolkit

en
in
nt
on
se

an
er

in
la
pr
re
st

er
se
st

a
c
e
h
i
m
n
o
p
r
s
t

a
e
l
r

a
c
d
e
i
l
m
n
o
p
r
s
t
u

a
b
c
e
i
l
m
n
o
p
r
s
t
u

an
in
on

ed
en
er
re

in
re

ers

re

ar
er
te

internshipcrudeshepherdmatingfoulcocktailnewman

triumph

ar
re
wa

er
ns
on

er
re
ro

eri

i
r
s

is
on
re
so

in

ion

es

es
lo

a
e
i
n
o
r
s
t

eroticawagonindonesianteachesdat

an
co
ea
fu
kf

er
ra

laddersbjctconvertiblegeraldmotivatedgroundwater

aria

michelcursorlimeearningundertakeannoying

al
in
on

an
er
in

ar
ed
ns
or
rg

ar
re
ts

ain
int

an
en
es
in
is
ng
re

a
c
d
e
i
l
n
o
p
r
s
t
u
y

an
ar
er
in
rs

a
e
i
p
r
s
t
u

ns
on

er
he
in
te

re

te

at
en
es
ra
ta
te

ne
st

a
c
d
e
g
i
l
m
n
o
p
r
s
t
u

re
tr

ba

enclosedtreasures

cti

ts

an
ce
en
or
sp

an
er
he
in

en
re

ac
an
em
ke
ma
om
on
ra

an
ar
co
eg
es
is

ators

ar
er
il
re

ed

co
on
or
ti

ar
es
pe
ri
st

ar
at
er
es

es
in
te

ge

mysteriousventurestemporarilyhkcomplimentary

tion

ers

cop

co
es

al
ct

ing

tamildonors

en
ne
ur

er
in

an

ar
ri

a
e
h
i
m
n
o
r
s
t

yangcarloremindnestbudapestsurgeonssouls

en

at
bo
re

ens
ion

an
er
le
ma
nd
pl
vi

te

ca
ed
en
he
nt
on
po
ra
re
th
ti

indicesforgepgpstockholmdrove

an
en
es
ne
on
st
ts

ver

affairmaximize

a
c
e
g
i
l
n
o
p
r
s
t
u

che

er
ng

ari
ssp

er

a
c
e
g
i
l
n
r
s
t
u

es
in
or
ra
re
st
tr

in
on

sleepsbadlyerik

e
n
o
r
s
u

ene
ing

a
e
i
n
r
s
t

co

er
ra

a
e
i
l
o
p
s
t
y

on
te

re

ent

an

es
mo

spankindicespossessmetresreductions

a
b
c
d
e
i
l
n
o
p
r
s
t
u

car

er

a
e
g
i
l
n
o
p
r
s
t
u

opponentsntsc

a
e
i
l
m
n
o
p
s
t
u

al
ar
es
in
nd
sh

at
on
te

co
on

er
ss

es

at
co
es
in

ing

an
er
es
mi

en
ng
re

er
st

corkmountsmailmanplaybacktiles

a
c
e
l
n
o
r
t
u

at
re

co
er

ar
er
es
nc
on
re
rk
sn

er
in

po
ri

in

a
c
d
e
i
l
n
o
r
s
t

li

ons

in
te
ti

ing

er

er
it
re

a
h
i
m
n
o
s
t
v

at
ed
in
ts

in
nt

ce
on
po

interpreted

earningwalnuttherapistmeyerfireplacepolished

en

an
is

a
b
e
i
l
r

obroommatesconstraintblink

in

a
d
e
i
l
n
o
r
s
t

co
en

a
e
g
i
l
n
o
r
s
t
u

ar

a
c
e
i
l
m
o
r
s
u

ing

an
ar
ra

re

imposehungerconfigurations

or

ed
la
te

te

ar
es

corkworkflowcopsympathytamilmia

on

at
ed
er
re

eng
ert
the

ca
no
on
or
sa
se

receptorsmpegsheater

an

ing

en
es
in
ma
se
st

ar
in
nt
on
st
ti

i
n
p

es
ne

at
co
li
om
on
st

at
in

re

con

an
es
or

es

ed
nt
ti

an
ng

ar

a
c
e
l
m
n
o
p
r
s
t
u

al
an
es
et
in
ne
ni
on
ti

ed
on

ed

ra
ri

er
es

ecti
este

eac
erc
ter

er
in
ns
on
st

in
on

ess

re

al
ce
en
er
ma
ns
ri
sp
ur

es

ste

es
in

a
c
e
i
l
o
r
s
t

ast
ina

war

es
ra
re
ti

a
c
d
e
i
l
m
n
p
r
s
t
u

as

a
c
d
e
g
i
l
n
o
r
s
t

a
c
e
i
l
n
o
r
s
t
u

an
en
ng
nt

er
es
ra

ge

ra
rs

declaredisputesctrlhandmadestanfioricetmarsh

baghdadcj

a
c
d
e
g
h
i
l
m
n
o
s
t
u

tiona

an
on

er

ail
cie
edd

in
la
on

alexandriadaisybiodiversityjustifysphererg

tion

al
le

ar
er
es
ip
ra
ri
sh

er
in
re

a
e
h
i
n
o
p
s
t

qtsimpsonsgarmincontroversiallikelihoodcolleaguewma

a
b
e
i
l
n
o
r
s
t
u

al
er

l

ns

mountsbravearrivalstulsademandingpsychiatry

ica
sto

en
et

en
ly
re

nce

a
c
d
e
i
l
n
o
r
s
t

in
le
ti

a
c
e
l
n
o
p
r
s
t

ar
er
is
te

er

an
ed
es
on
re

er
in
io
ns
on
ti

a
e
g
h
i
l
m
n
o
p
r
s
t

ent

co
on

tion

de
nd

ar
ri

er
ia
st

an
at
la
lo
on
re
ti

smithsonianwxacmpeersinddee

a
e
i
n
o
r
s
t

a
c
d
e
i
l
n
o
r
s
t

en
te

re
su

on

an
ar
de
er
es
in
mi
te
ut

ro

mailsbacterialthereafterrickymixerjoyce

er

in
re

al
at
en
er
es
in
on
ta
ti

tra

a
c
e
h
i
l
m
n
o
p
r
s
t

a
d
e
i
m
n
p
r
s
t
u

an
ar
en
es
nt

kw

il
sp

a
c
d
e
g
l
m
n
r
t

rre

ation

a
c
e
i
l
n
o
r
s
t
v

on
re

kurtourslumoses

en

a
c
e
g
i
l
m
n
o
p
r
s
t
u

re

an
ma

ment

es
et
le
ra

erc

groove

co

in
ol

a
c
d
e
g
i
l
m
n
o
r
s
t
u
v

de
en
er

en
er
ma
re

in

in
on

ns

ar
di
er
ri

st

a
e
i
n
o
r
s

er
in

tion

en
er
st
to

ema
sco

a
c
e
i
l
m
n
o
r
s
t
u

es
ge
is
st
te

in
mi

ther

a
d
e
f
h
i
l
o
p
r
s
t
w

tor

a
e
f
i
l
m
n
o
p
r
s
t
u
v
w

es
in
mo
ns
nt

richards

ch

immunology

a
e
i
l
n
o
r
s
t

ing

e
i
o

an
ma

ing

stanreservoirprogrammers

arrivalsliechtensteinendless

pain

an
el
es
in
ns
re

in

fuzzyavoidingtemporarilysmallestteddy

d
e
i
o
r
s
t
u

stuffedthoroughendlesseliminationcollectiblelaos

a
d
e
g
i
m
n
o
r

er
th

a
c
e
h
i
l
n
o
p
r
s
t
u

sec

int
ter

es
in
on

orgasmthrillerneonquiltfrankfurt

er
es
in
or
pr

in
io
on

al
ap
bl
er
lo
ra
st
ts

con

an
ed
er
re
ut

n
o
s
t

an
ma

en
es
re
st

a
c
d
e
g
i
l
m
n
r
s
t
v

constraint

le

al
on

ri

on
ti

ar
de
di
ed
in
nd
on

ge
in
re

in
nt

or

at
ed
lo

en
in
or
ra
te
ti

al
er
te

ed

es
in
on

ers

an
ra

an
de
ti

a
e
i
o
s
t

an
es
le
ma

ani
ati

sions

en
io
re

at

a
c
e
i
n
s

es
in
mi
nd
re

en
es
ge
re

favourfossilerik

fossilforwardingsummariesbufingsouthamptoninexpensive

textilesterminology

er
ri
se

valves

meyer

ge

el
in
te

la

an
ed
er
ia
me
on
ra
ri
ur

a
e
g
l
n
o
p
r

con

st

pre
ted

tion

il
ll

en
er
or

ed
en
nt
on
te

er
es
in
sc
se

ive

yarnexaminesinvitations

ec
es
in

a
e

a
c
e
i
l
n
r
s
t
u

la
on

es

a
d
e
h
i
n
o
p
r
s
t

ic
ti

ect

a
e
h
i
n
r
s
t

a
e
i
l
n
o
r
s
t

en
er
mo
os
ou
ss

urte

at
en
on

en

an
er
ne
ri

a
e
i
l
n
s
t
u

a
d
e
i
l
n
o
r
u

co
es

ndl
sts

i

optimumcontinuallythereafterconfigurationsdeclare

e
r
s

ar
in
nt
ti

sanyomyrtledaisyisaac

a
c
e
i
l
n
o
p
r
s
t

te
ti

ent
les
sid

ar
ed
in
on
te

at
er
se
ti

lmrespectedsubjective

a
d
e
m
n
o
s
t

ar

es
ri

e
n

on

ia
on

io
ri

es

at

ni
or

ing

on
st

ent
ger
ina
rse
ter

iden

ers
ter

ed
no
pr
re
rs
si

co
er
ma
ou

airplanetherapistfrontpageqtnegotiation

ed
re

an
ed
la
ne
om
re
ti

at
la
on

it
pa

en

er
in
on
ro

a
e
g
i
n
o
r
s
t
u

ont

er
es

et

an
ma

ratio

toothtoolkitsimulationsvc

a
b
c
e
i
n
o
p
r
s
t

an
ar
ed

at

ing

er
it
on
rc
ti

on

al
an
er
in
ma

att
ing
tre

pro

a
c
d
e
i
l
n
o
s
t

an
on

an
er
ri

ar

ng
ra
