d

m

b
f
s
w

?

m

p

b
d
e
q
s

i
j
v
w

b
d
u
v
w
z

f

b
e
v

r

g

a
n
z

?

?

a
i
n
q
x
y

e
p
q

dkujcpwsdq

?
