1747.0000000000 37768.0000000000
1375.0000000000 -26544.0000000000
180749818.0000000000
49151684.0000000000
5825.0549353633
26579.5891804219
