97667.0000000000 10073093.0000000000
-72159.0000000000 -8289971.0000000000
8186978831854.0000000000
41396139935.0000000000
891652.2198912534
8290285.0434784209
