10935310914102645 5467655457051322 8201483185576984 6834569321314153 6151112389182738 5809383923117029 5980248156149883 6065680272666310 6108396330924524 6087038301795416 6097717316359969 6103056823642246 6105726577283385 6104391700462816 6103724262052530 6104057981257672 6104224840860244 6104141411058957 6104183125959600 6104203983409921 6104214412135083 6104209197772502 6104206590591212 6104205287000566 6104205938795888 6104206264693550 6104206101744719 6104206020270304 6104205979533096 6104205959164491 6104205969348793 6104205974440944 6104205976987019 6104205978260058 6104205977623538 6104205977941797 6104205978100928 6104205978021362 6104205978061144 6104205978081035 6104205978090982 6104205978086008 6104205978088494 6104205978089738 6104205978089115 6104205978089426 6104205978089581 6104205978089660 6104205978089621 6104205978089600 6104205978089611 6104205978089605 6104205978089607 6104205978089610 6104205978089608 6104205978089609 
