107
120
109
137
140
103
73
210
116
128
177
61
82
195
177
54
195
44
25
53
148
201
32
35
114
206
69
19
74
97
26
140
108
217
177
53
189
30
111
59
186
120
79
204
139
84
128
190
47
119
52
122
147
148
101
144
150
208
214
178
43
161
59
47
111
59
90
123
46
38
25
171
78
133
146
78
150
46
155
41
75
55
98
167
163
160
133
213
55
102
144
100
98
217
79
103
209
129
74
37
