82
85
89
105
177
100
110
115
33
62
188
81
132
53
180
208
212
129
205
216
164
180
169
218
137
183
212
64
136
65
78
141
139
105
187
96
66
63
188
138
171
46
124
185
72
183
136
202
207
82
38
20
26
31
99
24
213
171
106
64
192
52
91
174
159
22
153
38
43
144
172
122
29
85
47
148
165
145
195
51
190
34
182
101
188
76
85
108
42
126
167
186
127
200
179
195
81
87
31
171
