174
65
134
111
49
54
190
190
55
118
147
107
63
215
146
62
184
156
130
71
23
146
23
74
132
151
76
131
211
34
182
104
166
189
75
46
87
91
69
105
165
51
27
147
209
148
207
165
63
149
20
111
105
140
212
86
188
97
216
122
80
169
28
79
201
146
177
179
167
102
74
134
30
25
54
149
192
186
113
173
157
140
28
96
29
56
205
71
31
204
199
121
113
128
71
45
79
182
111
78
