xeyttrmzedehzlwvbitbtppfjnchpfypjykfpweubkdavbywjtzciokrembvrbkdzwkqsoktypwvrwraprrparwrvwpytkosqkwzdkbrvbmerkoicztjwybvadkbuewpfkyjpyfphcnjfpptbtibvwlzhedezmrttyex
yswgzhiortwwfhvoczledqccybhvyhtycrhbyppriooovlezkrdoiisgsiiodrkzelvoooirppybhrcythyvhbyccqdelzcovhfwwtroihzgwsy
davpbceevxqceppkadvgopoxkwexbxzgxxwbzchxaybenqqqvmwldnippindlwmvqqqnebyaxhczbwxxgzxbxewkxopogvdakppecqxveecbpvad
ikwbuipddjbibqoohsyrymmdkxxvrebzrxcnhrslattdljrubrlbgzfqwcnnjoocosrvjkglfborlhlozzsfyxxvbkkmabqotimdsuqzwfqjjqfwzqusdmitoqbamkkbvxxyfszzolhlrobflgkjvrsocoojnncwqfzgblrburjldttalsrhncxrzbervxxkdmmyryshooqbibjddpiubwki
gsghazvrixbvfygfqeleeqcqgbasigyoyexygssqstmzsuekyrofjrxsuxkcdisbopcujuujucpobsidckxusxrjforykeuszmtsqssgyxeyoygisabgqcqeeleqfgyfvbxirvzahgsg
lrnvpqrzahplirmkamymaxykixyehhbtapqphkqhqkhpqpatbhheyxikyxamymakmrilphazrqpvnrl
eaikybiuovnvdanftzqulbzjxhuzqxdwanawdxqzuhxjzbluqztfnadvnvouibykiae
zavdvymfxuzazqqitqeuxbiyroyngfktiiwfggfwiitkfgnyoryibxueqtiqqzazuxfmyvdvaz
hungwzxcijkmdsemoueczyhuvqhjpeuwajewjbatmkhscleqhiuhjddewmnnqkmstqoeupxibeagsfsgaebixpueoqtsmkqnnmweddjhuihqelcshkmtabjwejawuepjhqvuhyzceuomesdmkjicxzwgnuh
tbdefwtewwodgxvzjtokeisslcplsepnfuumsnqolgrrfoqpjgznrtfevxpqbgdjaxvsmoizubqapjparqoijvmfudvwjahlacfmsnmnoenfpeghuwrfrgmojjmvvmjjomgrfrwuhgepfneonmnsmfcalhajwvdufmvjioqrapjpaqbuziomsvxajdgbqpxveftrnzgjpqofrrgloqnsmuufnpeslpclssiekotjzvxgdowwetwfedbt
pfhltfazjxarupwhdmivimtopegxjfvalelgkofvlhmfylnbzxxhjqvawdxhluhwbtcljjiuqwwquijjlctbwhulhxdwavqjhxxzbnlyfmhlvfokglelavfjxgepotmivimdhwpuraxjzaftlhfp
sunpnsntdsrmvesyzogylckxwrebwhcpcpgpkujpmcdjivhhlngwsstokxqgfuxjleyxyjmkoptwmdexsmvkepbootxvnweyafyaqkmecibolhofvjszatqrmpobbopmrqtazsjvfohlobicemkqayfayewnvxtoobpekvmsxedmwtpokmjyxyeljxufgqxkotsswgnlhhvijdcmpjukpgpcpchwberwxkclygozysevmrsdtnsnpnus
qxkunysukexmtujyncogxzqjqctzmqqenazcarylvvxopipflflkgeuxipyuhozwpyyprwcorceimtnzzbkfhgepxclermaimazdwctpgyzstnssqeaxaeqssntszygptcwdzamiamrelcxpeghfkbzzntmiecrocwrpyypwzohuypixuegklflfpipoxvvlyraczaneqqmztcqjqzxgocnyjutmxekusynukxq
twtxeybsdgwxjtioqxpiustijurvfxoavkabibtljpktitjajtitkpjltbibakvaoxfvrujitsuipxqoitjxwgdsbyextwt
pazytuammbfozudailddjofurkguyhmpjlncfqqutvisqnvyyyehojdgtmattojcawhhoxohhwacjottamtgdjoheyyyvnqsivtuqqfcnljpmhyugkrufojddliaduzofbmmautyzap
cafnqztlezfzhbermbfwtbwmzdxibgafgfuyhqjlpqmyrqpguuenvabxdyfggfnmlhluxwhonungmcmgzqtusvrvvydceqqrydlxasmnmbvbdihcabzttzbachidbvbmnmsaxldyrqqecdyvvrvsutqzgmcmgnunohwxulhlmnfggfydxbavneuugpqrymqpljqhyufgfagbixdzmwbtwfbmrebhzfzeltzqnfac
gtzikzbmgxwpavwinqhjnyijtdgtvlsderlqsodynbqowoylghwufffyknuiymldfzvypaydbotzcrkjyhffokfaxziwnwbtvytkzrpagkakkakgaprzktyvtbwnwizxafkoffhyjkrcztobdyapyvzfdlmyiunkyfffuwhglyowoqbnydosqlredslvtgdtjiynjhqniwvapwxgmbzkiztg
qcjgnioykzqelrpfxsjkuhbcnyeymaucefjtnzrayhejbvqyqbkkjmmymrwyttaxyllyxattywrmymmjkkbqyqvbjehyarzntjfecuamyeyncbhukjsxfprleqzkyoingjcq
trhnkofuwvezhdrnstmobmdeadtmpkliduxqlekhbqhjuawoukekuowaujhqbhkelqxudilkpmtdaedmbomtsnrdhzevwufoknhrt
luxgzkaydberufpxrrdcnlsapevzmcuxyrgaeiajkecgjrfcljeyuwamcvnozhmabsahaaqmgttpmyszhyzcxzqzxdowncwowyvwwvywowcnwodxzqzxczyhzsympttgmqaahasbamhzonvcmawuyejlcfrjgcekjaieagryxucmzvepaslncdrrxpfurebdyakzgxul
ncluiurfzbedaubrfanawnhybnuzkduziguqanyboceqxhkehxhfkofndapndjnnpjerwctmgzdfhnhfdzgmtcwrejpnnjdnpadnfokfhxhekhxqecobynaqugizudkzunbyhnwanafrbuadebzfruiulcn
yhwjvdonuoowwjvyblfdlqvsaighgiyhswqnzgavvrrrapsecxhnpeiqnoxvyxcqtseuzgqwxjpyyheaelqupykeojamiedbxjxypnpyxjxbdeimajoekypuqleaehyypjxwqgzuestqcxyvxonqiepnhxcesparrrvvagznqwshyighgiasvqldflbyvjwwoounodvjwhy
otqtkwcsvlopmlpofgjihbbepacihzsvuipegtydhostajihptpxuqdjshtagnxcxohfihjpwdkwnsfenwdhhdwnefsnwkdwpjhifhoxcxngathsjdquxptphijatsohdytgepiuvszhicapebbhijgfoplmpolvscwktqto
jsuwyqskhoqfcxpecyrsyozluxbixmzhgvdflyrumhzpgrvkpncnbebxbcgzphgxcleqjvkycmpidmtsbxhebicfnkeermbtzgjlljgztbmreeknfcibehxbstmdipmcykvjqelcxghpzgcbxbebncnpkvrgpzhmurylfdvghzmxibxulzoysrycepxcfqohksqywusj
lmzpjmewidhnealhpakwwnhxkpoxrlseyrthexdodmbhnpqepdalqikczybqmuvklqtrqzftljcayvfpyfypfvyacjltfzqrtqlkvumqbyzckiqladpeqpnhbmdodxehtryeslrxopkxhnwwkaphlaenhdiwemjpzml
zsgueitonksttwxmzxefufwxdojfuajvsrrxamlpxgkseiedhjkeqhhqekjhdeieskgxplmaxrrsvjaufjodxwfufexzmxwttsknotieugsz
rnebwbjxwxatttgdzshgcdusgjbhnkmjytkwwtvtsvooowrpoyysdsmldpsqahbacmwyhrtcokqegjtxjtrnlgypvtfvccvftvpyglnrtjxtjgeqkoctrhywmcabhaqspdlmsdsyyoprwooovstvtwwktyjmknhbjgsudcghszdgtttaxwxjbwbenr
lltkjfpxiacipuqopzxclmdlekwwfbrsmmdvtsvbuxlltbzkaynnkqyrcuphygcksfilzdovczgvchfcfssskslmpawngazahhngmddoellgutkblctyxemmmexytclbktuglleoddmgnhhazagnwapmlsksssfcfhcvgzcvodzlifskcgyhpucryqknnyakzbtllxubvstvdmmsrbfwwkeldmlcxzpoqupicaixpfjktll
stuezjqqiojoawrsmdekbnaqjaoqrmplhlpgugyewhvydoqrrubujdktfajwoaowjaftkdjuburrqodyvhweygugplhlpmrqoajqanbkedmsrwaojoiqqjzeuts
whuewlgsubeqbuxavxndolgmxgclbstzbodyblsxmwnqslsnkfsaqbmphrdllwwlldrhpmbqasfknslsqnwmxslbydobztsblcgxmglodnxvaxubqebusglweuhw
sqxjoajuusjgtnapmsxawaclpgtbvtgcrdmhexdaqnglagaobxpxxpxboagalgnqadxehmdrcgtvbtgplcawaxsmpantgjsuujaojxqs
eweuulxtmhflfxhooeyhoupmnihyxpheloyhzycnfhymfffmyhfncyzhyolehpxyhinmpuohyeoohxflfhmtxluuewe
oruoqjtzyngmzhlnbzjwjondcrlgbtpqmlgcubduojiotudutmseagheztmbobranzejaiepeiajeznarbobmtzehgaesmtudutoijoudbucglmqptbglrcdnojwjzbnlhzmgnyztjqouro
ueqkbpjgwbjtevkcndpnozctarhqlskizaucrdiogtjnptpeyerngtiiiitgnreyeptpnjtgoidrcuazikslqhratczonpdnckvetjbwgjpbkqeu
tzobkkxvxyednaakkmpvxsondpxlcbivbwzliwigumljpntbzixxblmgcjrelzaowbbexjmtyxdnkyokjnhmyvsdejjrjlfhmgnlqafoxkdiktuthdfhyxkcjuusfbbssbbfsuujckxyhfdhtutkidkxofaqlngmhfljrjjedsvymhnjkoykndxytmjxebbwoazlerjcgmlbxxizbtnpjlmugiwilzwbvibclxpdnosxvpmkkaandeyxvxkkbozt
juiarbnaaubbanerdtzwdnttmjpanqaykiydllenghoiwvzzoyvtmqmaacapsanekohxbnkhwbruwrtmrrffjuflwhaqhqwtgfqhvdrtgioezhqtaxykreerkyxatqhzeoigtrdvhqfgtwqhqahwlfujffrrmtrwurbwhknbxhokenaspacaamqmtvyozzvwiohgnelldyikyaqnapjmttndwztdrenabbuaanbraiuj
hfyjgitfbwailgwvbvnslfyzwxwxiaqrfqamzutastlfcjcdfqxsvvrruppdphwxyxlxtezlzmtdwvidlgvgboaydpdtyzytdpdyaobgvgldivwdtmzlzetxlxyxwhpdppurrvvsxqfdcjcfltsatuzmaqfrqaixwxwzyflsnvbvwgliawbftigjyfh
ulzfwtnrpyrdwnvmpjkmbxjogajdfulbfkgcduvuuvudcgkfblufdjagojxbmkjpmvnwdryprntwfzlu
ckvblzszooybcnbbtlddwxkcuxwngzkilhlwlhlikzgnwxuckxwddltbbncbyoozszlbvkc
pvuzlcychjrxaiwlvbpvwaajjobzceutbotnttrafjxfruqmxhkthkcqbfqdlmzpbubpzmldqfbqckhtkhxmqurfxjfarttntobtueczbojjaawvpbvlwiaxrjhcyclzuvp
jvyyhqohcffphuwatecfydthnhuxmxfxufuxfxmxuhnhtdyfcetawuhpffchoqhyyvj
arocgggjzrfchirwefhypdswdxxbiapisdmyltjnmqpubgsflcfcfyykxxmfybpshbquwbhjswftcxapbfrgdrtapfhniwfpyxmwatfssknuknmltduyxnbmuibccbiumbnxyudtlmnkunkssftawmxypfwinhfpatrdgrfbpaxctfwsjhbwuqbhspbyfmxxkyyfcfclfsgbupqmnjtlymdsipaibxxdwsdpyhfewrihcfrzjgggcora
lqnoijvubyjimgouoimotefwrmgoskyfanvkwqexqohcwwxmgjbboiahvgxnqvvqnxgvhaiobbjgmxwwchoqxeqwkvnafyksogmrwfetomiouogmijybuvjionql
jwczterscntkxqwsosalfsjbxngozxfkvhlqldipqdznuyfksgwxafyxufntesgacrqnubfleggelfbunqrcagsetnfuxyfaxwgskfyunzdqpidlqlhvkfxzognxbjsflasoswqxktncsretzcwj
gqulebtvgmcfnivnpssijgymmwsuijyobtbhwucdifkwpflexfmhnnvalnwtyvhzoihkflpnqzlfexmccaaccmxeflzqnplfkhiozhvytwnlavnnhmfxelfpwkfidcuwhbtboyjiuswmmygjisspnvinfcmgvtbeluqg
eimbiuggshygwenaqmdjzmkbqzvendrsldvvxberlcxjikjyynjxbwatxvxlyrfluajujaulfrylxvxtawbxjnyyjkijxclrebxvvdlsrdnevzqbkmzjdmqanewgyhsgguibmie
mmzipevjjdqdrzrsyukyxujehwwpccmronzgsupdahirizkhuufrqqxyyxqqrfuuhkzirihadpusgznormccpwwhejuxykuysrzrdqdjjvepizmm
lcxpvmdshfbmyaluwwlvyyplnxgxpuodwostcxnjcpxarjxphimfgbquyytqsktoyniakvlomiqdtntawfhejxjehfwatntdqimolvkainyotksqtyyuqbgfmihpxjraxpcjnxctsowdoupxgxnlpyyvlwwulaymbfhsdmvpxcl
ircdfdfqbfqecatrahspgguawykpqomyfobkuidxqtbsvvmveemkninjixzymnztcagyljvdexxzujwaqindsamaznzlbyhfapdnyaqezodtxzwpjjsblhdkweyzyewkdhlbsjjpwzxtdozeqayndpafhyblznzamasdniqawjuzxxedvjlygactznmyzxijninkmeevmvvsbtqxdiukbofymoqpkywauggpshartaceqfbqfdfdcri
dxtckfuwmtaczhhgrkbgckrlqqqzedgjbbmlhiivekydrhllrpttznzttprllhrdykeviihlmbbjgdezqqqlrkcgbkrghhzcatmwufkctxd
tctrxjxmqkbtebtiowogoxotbcenavsvannzzmnpwokdrfngdeosbcncgrrgomcobpnabcraqdfiksoowcgagvenowtcixtjmimjtxictwonevgagcwooskifdqarcbanpbocmogrrgcncbsoedgnfrdkowpnmzznnavsvanecbtoxogowoitbetbkqmxjxrtct
omlbqfmqsdzlaznqynuaphwzphzyfwwtihubpirhmssmshesubukislyzkygiuatcwwrfnyrgsfabkuxlqjviuvjhuqrosmqoihtyhmgbugeeccrsnsrcceegubgmhythioqmsorquhjvuivjqlxukbafsgrynfrwwctauigykzylsikubusehsmssmhripbuhitwwfyzhpzwhpaunyqnzalzdsqmfqblmo
dyoldivzzlrolfldsxltwhsbxuhdatpfsdqxnnwozpfmvqrpnciljcogwxjyqadkfvhtlfjkvowsgnhtsrgbtukrttqkuvwbtguelgqiuocbdlwvcfzvbjnvvnjbvzfcvwldbcouiqgleugtbwvukqttrkutbgrsthngswovkjflthvfkdaqyjxwgocjlicnprqvmfpzownnxqdsfptadhuxbshwtlxsdlflorlzzvidloyd
dzqlejljfstwkmkkikydlyycfeghlrdostbwepikhbgrpsezeccpbccbpccezesprgbhkipewbtsodrlhgefcyyldykikkmkwtsfjljelqzd
sofnwjogayxkfurrlqfwiopgnjgruncodjcasqiuphgwbyooqtkbjchwlpqieuwieykwrstgzzeczsrqndryfavtpnbwjxenyqmpifxjgblgwewjkpkrkpkjwewglbgjxfipmqynexjwbnptvafyrdnqrszcezzgtsrwkyeiwueiqplwhcjbktqooybwghpuiqsacjdocnurgjngpoiwfqlrrufkxyagojwnfos
pjuurrpzrhsknorfieftrnwzphakptgeedywwqvpzqzmgrtqxyjqnhrfpsrenzlrelnadlscdrojkjzjklzzutejlxqazbrdmhgquysxrjicujleuneppenueljucijrxsyuqghmdrbzaqxljetuzzlkjzjkjordcsldanlerlznerspfrhnqjyxqtrgmzqzpvqwwydeegtpkahpzwnrtfeifronkshrzprruujp
tdsxeazcfmnrbklphymlwizzwxjkcfmvketofuqmjfdmrqbbbbqrmdfjmqufotekvmfckjxwzziwlmyhplkbrnmfczaexsdt
updcteshnswzjmblengcxvqwvtgxwkaqbfbqakwxgtvwqvxcgnelbmjzwsnhsetcdpu
wryfbsiszgfprhncfdlyacoybootiqdhjbmmwvexblmuvczchkaioqishxnrpqyaslnoitllhagcehgltjvizgcidpaugyuyljovdzhmbpqfwwtptwwfqpbmhzdvojlyuyguapdicgzivjtlghecgahlltionlsayqprnxhsiqoiakhczcvumlbxevwmmbjhdqitoobyocayldfcnhrpfgzsisbfyrw
fgrlmixwrfpkehrbcfgfmkermhgwgsxoarzmbwksczeihvklcstocxcotsclkvhiezcskwbmzraoxsgwghmrekmfgfcbrhekpfrwximlrgf
gzfuwsknxqihrdiucjniegyksjhyrxxyzesvxckuvscovkjxwyfagfkyykfgafywxjkvocsvukcxvsezyxxryhjskygeinjcuidrhiqxnkswufzg
zqaeszklozbiqrcovrbfjtegummuahuzawfuvphjpithzwvwpzdasigowuiycexeaeywufhlndspbqlsrpslzbzxvkwxovdpabnwiwjwwjwiwnbapdvoxwkvxzbzlsprslqbpsdnlhfuwyeaexecyiuwogisadzpwvwzhtipjhpvufwazuhaummugetjfbrvocrqibzolkzseaqz
nkjcadkgvbgjafahnjkjbactljtshoswydybhljcmrnowpykzktakxwvipordinelohuzqxnimeeccqbomdylzvurllwtbahphboaadinjoplfqzrvzcvvyogmkannnakmgoyvvczvrzqflpojnidaaobhphabtwllruvzlydmobqcceeminxqzuholenidropivwxkatkzkypwonrmcjlhbydywsohstjltcabjkjnhafajgbvgkdacjkn
ntlifbkslqtbrdakgfrqwayalnbtfsguouetxookgjmxmmjvtdnpdnpraqkhlslhkqarpndpndtvjmmxmjgkooxteuougsftbnlayawqrfgkadrbtqlskbfiltn
qknjgvskynopjivbfmuhrzmliinnxezpqoywjsjkizbrhxvplpwcolozvdmuhllyalwldfvnfxfowadhrcjipzhkctgkhrihceuhmqvrpchlcnsvpdpvsnclhcprvqmhuechirhkgtckhzpijcrhdawofxfnvfdlwlayllhumdvzolocwplpvxhrbzikjsjwyoqpzexnniilmzrhumfbvijponyksvgjnkq
bbhngmyqgcboccsrefdkijgzpqxugqajtjyzyxqebrufvpyzucldnrcciczqubbokapizfpayjhtygutkiwxzacjebbzednofezekogkzngavcvhktfmtjvamzzqzzmavjtmftkhvcvagnzkgokezefondezbbejcazxwiktugythjyapfzipakobbuqzciccrndlcuzypvfurbeqxyzyjtjaqguxqpzgjikdfersccobcgqymgnhbb
iansztndlfdwynnpguzldkrygujxyybgarazkofytiutviidehrhskhaerxepblrslqeeqlsrlbpexreahkshrhediivtuityfokzaragbyyxjugyrkdlzugpnnywdfldntzsnai
ydptzcempzenooypzdjjxpgtidbsvvcwarrztvnjvrylhwdgzorwezsmcthaqjyrapsvngekxcvhaapzphpzpaahvcxkegnvsparyjqahtcmszewrozgdwhlyrvjnvtzrrawcvvsbditgpxjjdzpyoonezpmecztpdy
wzaidsyeyzfdacbcqmpvrizzdvtdaoawqcetvfztgfwijzkblzxejydpuzswpsufwbargamohkwslitwjsdvrimnhelzyfgughoojccspamakfzuacrtmdguhrhugdmtrcauzfkamapsccjoohgugfyzlehnmirvdsjwtilswkhomagrabwfuspwszupdyjexzlbkzjiwfgtzfvtecqwaoadtvdzzirvpmqcbcadfzyeysdiazw
cpczndcstvqranoaqesxyvoggiaxazxcqzdfdfxycnpdadfskxpiuepdorcppcrodpeuipxksfdadpncyxfdfdzqcxzaxaiggovyxseqaonarqvtscdnzcpc
ehrioheslzznavsronloktafxrdwmijqjimwdrxfatkolnorsvanzzlsehoirhe
nyqizxjqewhcwldgpdikzynsyciadrfsrxarulhbjqdfbiltmwdnusiuusxzzxsuuisundwmtlibfdqjbhluraxrsfrdaicysnyzkidpgdlwchweqjxziqyn
zikbycmcruvuusauqmlguvdalcqrijyhtikrmwwdsryolajdmwjgrpjerzvbkwiggsztqvwiowzzxidleosxddcxezyrvjzcdyxuwvemsfmrnrctcrnrmfsmevwuxydczjvryzexcddxsoeldixzzwoiwvqtzsggiwkbvzrejprgjwmdjaloyrsdwwmrkithyjirqcladvuglmquasuuvurcmcybkiz
ickvljwvdlkfykxobpltehevebjwypeitogeycadnkknuhewyprewvaaylzwcdhvtnatpcweoiuiqygqpxvnuxosinrksyfllhhclfizockgcswtsrhmoxfykyiewqrjzyzjrqweiykyfxomhrstwscgkcoziflchhllfyskrnisoxunvxpqgyqiuioewcptantvhdcwzlyaavwerpywehunkkndacyegotiepywjbevehetlpboxkyfkldvwjlvkci
aunyvneiynsmyqhsebbqrixwahdxqohskuqhhuphjkuhabcgefwyotuqdxovnxnxtdfdzwkjgggjkwzdfdtxnxnvoxdqutoywfegcbahukjhpuhhqukshoqxdhawxirqbbeshqymsnyienvynua
xzzigszlpjzekaorrkajiauouuwqwrjtsidacffcadistjrwqwuuouaijakrroakezjplzsgizzx
tpwzkanmtnbrllfweimsqnpelausnnbicxhpzwbsjdlvortubhmtucaieuauiccmbmbdidxugjrwrjguxdidbmbmcciuaueiacutmhbutrovldjsbwzphxcibnnsualepnqsmiewfllrbntmnakzwpt
huulfqljkdhufzqhxkwwlhbfgsuyerrnloasembqplkxkaekmdgamjftebrktlxezxxdlaublgayjekxjsxweeriiisbtrhuogycjufucfunlelnufcufujcygouhrtbsiiireewxsjxkejyaglbualdxxzexltkrbetfjmagdmkeakxklpqbmesaolnrreyusgfbhlwwkxhqzfuhdkjlqfluuh
qqljyjblmfljgxyaerkwpmkjeysxcndvereeagponaatzatdufzjsmuykovpcakirqmuyeklgkeglyjfflqxxmxjbuyfvkpobbkzhvnofrrfonvhzkbbopkvfyubjxmxxqlffjylgekglkeyumqrikacpvokyumsjzfudtaztaanopgaeerevdncxsyejkmpwkreayxgjlfmlbjyjlqq
teqadpddfmjazzxurfgugjgpoxcnjogcuyeynhdvvnvuoupiaxeigkxwhalsotwlsajfkmcfbaasurawoeewqcsyscqweeowarusaabfcmkfjaslwtoslahwxkgiexaipuouvnvvdhnyeyucgojncxopgjgugfruxzzajmfddpdaqet
fuzybdagrpqinjumlqiwnhtnnzbaydcgzeeahgibybllmfxxvgwknpacqbcqghwglaiuuialgwhgqcbqcapnkwgvxxfmllbybighaeezgcdyabznnthnwiqlmujniqprgadbyzuf
ogrxxfyfulkljlvimiermqfiwnpiwuemcxjccjhyyhjccjxcmeuwipnwifqmreimivljlklufyfxxrgo
iwjbjchnreifnusfwkmxnioyewnuttfbsqebtlpmszrhtmprwdqllemsabmvvtwnlbqgoftihmscyhuwkkkyrwqtxcpsvlhioypffipmwhpvqjrdvbbmzrgztxtqkbabzpzbabkqtxtzgrzmbbvdrjqvphwmpiffpyoihlvspcxtqwrykkkwuhycsmhitfogqblnwtvvmbasmellqdwrpmthrzsmpltbeqsbfttunweyoinxmkwfsunfiernhcjbjwi
htyydiatrjqlyrlovvjbygpqfzuzprqwmourwuuwruomwqrpzuzfqpgybjvvolrylqjrtaidyyth
omorylbguxnqkizmcmempwlyxwhuymmoydfzojfliudsfdgjrlvgjiggeqdferteubdlkiyufbmkgttgkmbfuyikldbuetrefdqeggijgvlrjgdfsduilfjozfdyommyuhwxylwpmemcmzikqnxugblyromo
ncxduwsewvlmgvtipeuvqympswkeybwodttzrlfpircpoxxgbtbrtphnltsmuqaxjtychehcytjxaqumstlnhptrbtbgxxopcripflrzttdowbyekwspmyqvuepitvgmlvweswudxcn
impuzlsyjgcuzceufeifdwrwbgwpyblinadooxoxgrsftybbcmifizelicaieortquigtwezpyflwimauwfewlqeosmugfnzbxfvwlunjbyhkkhehpphehkkhybjnulwvfxbznfgumsoeqlwefwuamiwlfypzewtgiuqtroeiacilezifimcbbytfsrgxoxoodanilbypwgbwrwdfiefueczucgjyslzupmi
ymvmcuquqskgglymbejipvxxyxpvpycnnyapssjkmwtshrgkysspnsmmrdhhcjwpjygespoeljzudhhbzbsntgbnkiuotsffrlrffstouiknbgtnsbzbhhduzjleopsegyjpwjchhdrmmsnpssykgrhstwmkjsspaynncypvpxyxxvpijebmylggksququcmvmy
igfjhbgxvtbhqwkymutfkxpjjiwlbgdjokvvnbsjwwsnsclgwgmifbsrloemxjxltshivztsxmfqosynakxilrzyidkfmkqhczryblsyxzqntpptnqzxyslbyrzchqkmfkdiyzrlixkanysoqfmxstzvihstlxjxmeolrsbfimgwglcsnswwjsbnvvkojdgblwijjpxkftumykwqhbtvxgbhjfgi
adgahtxigagerccywduklrgifupbupautgwcwgtuapubpufigrlkudwyccregagixthagda
ucduqvtielexsleohuszthbcawnbdizzmcucynkeyrctcijmebnyipcinpmqylqkoknozzuasyysauzzonkokqlyqmpnicpiynbemjictcryeknycucmzzidbnwacbhtzsuhoelsxeleitvqudcu
dhehzmnquitfpslgpmxfunuhwgacgwljdpqfbdvxnqdcjqjacghyvbirkiuqefzjwqqzvlwjeblprwrvdyuybcslmmmmlscbyuydvrwrplbejwlvzqqwjzfequikribvyhgcajqjcdqnxvdbfqpdjlwgcagwhunufxmpglspftiuqnmzhehd
rzzqrjexblaftponvvejmojkxtmjoewmdveufirivtnokdefykpnyaxvvkfjodxuzbqgliqgdfxojdvhnmuomujjeqtuuqovufdfptmsylijoerbsnrnsbreojilysmtpfdfuvoquutqejjumoumnhvdjoxfdgqilgqbzuxdojfkvvxaynpkyfedkontvirifuevdmweojmtxkjomjevvnoptfalbxejrqzzr
arklgqrsjgjtbzcxuomokqqnawhgcrvejippyjkipvdruhqrvdfftyvvucdytzeehwuhfgpwbvpvcgoajwheucaqedoaeuelqavvgkuhhjfkrvkarrhluhbabhulhrrakvrkfjhhukgvvaqleueaodeqacuehwjaogcvpvbwpgfhuwheeztydcuvvytffdvrqhurdvpikjyppijevrcghwanqqkomouxczbtjgjsrqglkra
gdoamrapvswaiuzmqridheapmnwbfjjnoxqarssmmopukqiajqfrvggjvekcnupcthekayzmnqjzircrkjihprqmvbolxgnqntdpsechunicekvquexllxeuqvkecinuhcespdtnqngxlobvmqrphijkrcrizjqnmzyakehtcpunckevjggvrfqjaiqkupommssraqxonjjfbwnmpaehdirqmzuiawsvparmaodg
zftlrxefytfkjsvxmfowicuavgqbihejmzwgwalvtqfekccxjstrxprswjvgqzpfzlnxlasfsajeenboixhfmzxikuodtfkuqxsczmjrouvtkzjsjzktvuorjmzcsxqukftdoukixzmfhxiobneejasfsalxnlzfpzqgvjwsrpxrtsjxcckefqtvlawgwzmjehibqgvauciwofmxvsjkftyfexrltfz
tivmaiyrudyryqmtfrvrhrkfoxakbfluoihqrhhnlgejysyjeglnhhrqhioulfbkaxofkrhrvrftmqyryduryiamvit
vqdmtvruwifsrmedoiuizclmwvnsllzjcdxxaqtztqaxxdcjzllsnvwmlcziuiodemrsfiwurvtmdqv
bfadrxemncnzxpjeaimujfdtzimlusewxebodhasmqtjhdphlbewjhpirbtmtxktdnhjvkbhcxsjahtnkxjtgycabxoxxyqclzlijpplmjxoqsbbpmwxkyxnylkvlczzzclvklynxykxwmpbbsqoxjmlppjilzlcqyxxoxbacygtjxknthajsxchbkvjhndtkxtmtbriphjweblhpdhjtqmsahdobexwesulmiztdfjumiaejpxzncnmexrdafb
uwqwbydohlnwkqfammxzksjylqezqdimbaicyltfygeiyjkmyilicvjnnnmfqvstxawwopdoxhzvrjhrtubvrkifaxmsmxafikrvbutrhjrvzhxodpowwaxtsvqfmnnnjvciliymkjyiegyftlyciabmidqzeqlyjskzxmmafqkwnlhodybwqwu
