imunppsxjpkbsgwjplnuzorvdxiblvoxjkmzzfwkwilpojadunawetthqbiexydgipfhwdutlfkarkflzhjdadktevzdtcmettnsxhlkpvkghstgzdkciuvopwslygptzeleztpgylswpovuickdzgtshgkvpklhxsnttemctdzvetkdadjhzlfkrakfltudwhfpigdyxeibqhttewanudajopliwkwfzzmkjxovlbixdvrozunlpjwgsbkpjxsppnumi
vrdztbqujcwninhsqcdgklgruhfclrrjluiexbaifwwnmfgchjkuwqltxsxkjotwkecjfdrmbpanuiretbyrtlkqfjdqxwnjcpsjumwwbwlyedczgcqapbsumvmusbpaqcgzcdeylwbwwmujspcjnwxqdjfqkltrybteriunapbmrdfjcekwtojkxsxtlqwukjhcgfmnwwfiabxeiuljrrlcfhurglkgdcqshninwcjuqbtzdrv
ryzlcucvtmzcorzezofzuinhtiygsmflmhwodajwoiyecaidonckyrurasxsgffsodgrerpucqzesjjgzlsxdmofeozmveelhmenemhleevmzoefomdxslzgjjsezqcuprergdosffgsxsarurykcnodiaceyiowjadowhmlfmsgyithniuzfozezroczmtvcuclzyr
odnmfydicsisqsljjcnuyfbehnpyaiiqlvdsvicxaksqedbngphgwjkdwbbyjlpwjuqecsecewuibwvhndqjoammcpknazkjtaoxvubzzbuvxoatjkzankpcmmaojqdnhvwbiuwecescequjwpljybbwdkjwghpgnbdeqskaxcivsdvlqiiaypnhebfyuncjjlsqsiscidyfmndo
scpijlbyivigvwxmkbpcmfvzmewgcaxxcphnciolfyrdxqphsgjgmhhahhmgjgshpqxdryfloicnhpcxxacgwemzvfmcpbkmxwvgiviybljipcs
fmagrlvlkkhfzdwxlbaivjxzheigwarerawgiehzxjviablxwdzfhkklvlrgamf
gwchzcobpjivmvlpdmqhrjtrenvwjbmryoyxsoajziizjaosxyoyrmbjwvnertjrhqmdplvmvijpboczhcwg
zezphjkrgafeixbueonoprsaljihvkkxqlmxwxofxtlhrmbxcrnrifsuqcdomplfazcxytcxonefbgeeztxhbpdtugjivunwwqvulxszkwhnelenhwkzsxluvqwwnuvijgutdpbhxtzeegbfenoxctyxczaflpmodcqusfirnrcxbmrhltxfoxwxmlqxkkvhijlasrponoeubxiefagrkjhpzez
gtgdlceaitvnyeherisbiejqdqmquzgcuphhrlkagfpfmwldhderhnikguccvlesamztzltirkpdjagsdmjlbrxjoalllqdnefgfqcnjocoxcwrikdvmwsswmvdkirwcxocojncqfgfendqlllaojxrbljmdsgajdpkritlztzmaselvccugkinhredhdlwmfpfgaklrhhpucgzuqmqdqjeibsireheynvtiaecldgtg
rollxhwqolsjeiulmdaglumkqedwsiajwlwvutljeduklqxatzgguusmyvkqfkbdxaystmdzpzldpidkjlqffisffexnpaqoargvdluskhvzrajbnbgslazrrzalsgbnbjarzvhksuldvgraoqapnxeffsiffqljkdipdlzpzdmtsyaxdbkfqkvymsuuggztaxqlkudejltuvwlwjaiswdeqkmulgadmluiejsloqwhxllor
btzqldvmguzebjuqiilqllzltzxohldlfcbshzgpvftwqpmazzqklsygtvwahzlobpgkoozjvtflirmkqeubwuhpqgszfddfzsgqphuwbueqkmrilftvjzookgpbolzhawvtgyslkqzzampqwtfvpgzhsbcfldlhoxztlzllqliiqujbezugmvdlqztb
agfnrcfbvltmfheugcrcvujonrfvnubpcifumkvkvqwbxcxdgqfcfqgdxcxbwqvkvkmuficpbunvfrnojuvcrcguehfmtlvbfcrnfga
kwxzkfpbbmsdknjycjevtkrwmpoqaevndumnabodpigzxsxabdxwnrubgiujprwslihnlxragzbdrzfuedquulvcvrnmijeurljejaeraguthaolfgfbtdfrwtdfciicfdtwrfdtbfgfloahtugareajejlruejimnrvcvluuqdeufzrdbzgarxlnhilswrpjuigburnwxdbaxsxzgipdobanmudnveaqopmwrktvejcyjnkdsmbbpfkzxwk
fjczccwmyfbnvwuyypggbvyfabdwkzhpikrnonzmsdbpbwqalwimrgstjvqtwxlfjeuyrtmlwodyktaxrimjrerjmirxatkydowlmtryuejflxwtqvjtsgrmiwlaqwbpbdsmznonrkiphzkwdbafyvbggpyyuwvnbfymwcczcjf
cqealrtpgnvanztbhfsawnlkyoxkgaalrhneagtguqghqclxjdafslpqbodipfvimimnritnacwsehqpmquedlxfaaprfkzsunhlxcyyevqkcizppzickqveyycxlhnuszkfrpaafxldeuqmpqheswcantirnmimivfpidobqplsfadjxlcqhgqugtgaenhrlaagkxoyklnwasfhbtznavngptrlaeqc
djqrlpfodntfsaivgwudmyincrvjemihwabhsgxvvscpsllyyllspcsvvxgshbawhimejvrcniymduwgviasftndofplrqjd
mnkbahjxghvrihguibnpxdlmfsmyuyhgnrjqbspjckakrigbkwqjzeveyiesilaxfmngecpiosuiabjmzayygveefkypykfeevgyyazmjbaiusoipcegnmfxaliseiyevezjqwkbgirkakcjpsbqjrnghyuymsfmldxpnbiughirvhgxjhabknm
hocklqkhnffcnjkidrdnqwxvcvyjghlpxpzihkqwrxzfglnjdsyvoyqqtozbwmrtdscmcujurizxtoiyigtwekmaaodycwugpystsdnjloiheqfmybkffkbymfqehioljndstsypguwcydoaamkewtgiyiotxzirujucmcsdtrmwbzotqqyovysdjnlgfzxrwqkhizpxplhgjyvcvxwqndrdikjncffnhkqlkcoh
igritfollvztzwfcculdazaiosgvnxrvdkfzzfkdvrxnvgsoiazadluccfwztzvlloftirgi
qwebmiqtmqpidqdgliucgfetvwvlkflbbpeqxujmnauqtazgiviocmjykfjxkuynlcdjzpvmrremrdtzzbpdqzbcgnzsjzfvelgdcdrvuvimbbnceffwgjzmzjgwffecnbbmivuvrdcdglevfzjszngcbzqdpbzztdrmerrmvpzjdclnyukxjfkyjmcoivigzatquanmjuxqepbblfklvwvtefgcuilgdqdipqmtqimbewq
gjurzoxrjhknzhiprfacxhacuxbyljussolsfjloqwdpflgwrgyoqbtkywkkgeeytpqyaeorarifcpevxekpffbgblshqwilnaloezhgqpmsgsogwavehzkikcckikzhevawgosgsmpqghzeolanliwqhslbgbffpkexvepcfiraroeayqptyeegkkwyktbqoygrwglfpdwqoljfslossujlybxucahxcafrpihznkhjrxozrujg
szcvttxbvwepipfvyzrdoggsiczlfmyxlbugurhsnlhydotbokhctnubqwpvknuxoodlhkdwymudcpgqcnvvbrwrnnoxbiurwzcfkhbkvynynvopjlmkdlbqypqzqpyqbldkmljpovnynyvkbhkfczwruibxonnrwrbvvncqgpcdumywdkhldooxunkvpwqbuntchkobtodyhlnshrugublxymflzcisggodrzyvfpipewvbxttvczs
fbptaqtolyjuoflzqtqismgknwyjiljpmajnqcddcnxqslrlghvyvbklziuhtfwiffxwjabnnzdimxtseqqcrcnskjzfoxptdmrontcauhigedaltsnmuaeglflzdbuiiubdzlflgeaumnstladegihuactnormdtpxofzjksncrcqqestxmidznnbajwxffiwfthuizlkbvyvhglrlsqxncddcqnjampjlijywnkgmsiqtqzlfoujylotqatpbf
odzsgeaimhcluqnjjgtfrkffeipknuueztwfzzoogszcipmrxfxrrewxnoicieghxfmzecpmvqpdfdxfkuwbyubnijsqpyzodonjqewnvlrcqohakdkahoqcrlvnweqjnodozypqsjinbuybwukfxdfdpqvmpcezmfxhgeicionxwerrxfxrmpiczsgoozzfwtzeuunkpieffkrftgjjnqulchmiaegszdo
cjjzvguvpeqmlcswxxpybbkxqrzcfejjnsikafislyezbwvywlwzoiyhazlhduqtpafpfnhtmmspkpnialjrwiawhldnhviwvpobdxurjogwdvgggqxeaxahkfwragqwwgwwqgarwfkhaxaexqgggvdwgojruxdbopvwivhndlhwaiwrjlainpkpsmmthnfpfaptqudhlzahyiozwlwyvwbzeylsifakisnjjefczrqxkbbypxxwsclmqepvugvzjjc
nohphjtsijlmtswmgmiccshgkvbophveydufonzwwllrfhdotlsxfzfrugflqbqogkvuzwtxjeopnrfjexijyoasuiusaoyjixejfrnpoejxtwzuvkgoqbqlfgurfzfxsltodhfrllwwznofudyevhpobvkghsccimgmwstmljistjhphon
hsfnskamuixtmovwzwglrbmpgojdzbkgwrwobwcxebsspnrqjzbccnrjddodgalcrhsvfuslvlgmglvlsufvshrclagdoddjrnccbzjqrnpssbexcwbowrwgkbzdjogpmbrlgwzwvomtxiumaksnfsh
wobrwzdqxvnwmncjlbynuojzosetnjzlxccvdgladywpobyzczoynzxdrbwemxpjbueeaqfdqdugethiuxxuihtegudqdfqaeeubjpxmewbrdxznyozczybopwydalgdvccxlzjntesozjounybljcnmwnvxqdzwrbow
ightxvubmawqhyavrdxxmosydxqfizerhlkehggvgenpdpkutjthylfdivitvmkeawljctgkgtcjlwaekmvtividflyhtjtukpdpnegvggheklhrezifqxdysomxxdrvayhqwambuvxthgi
trhsinisliplokvqgzqnltlhhxdrimqddxynmgfypwldigvohleuepdlogeyuuczuamggtgvstaabvrkrvbaatsvgtggmauzcuuyegoldpeuelhovgidlwpyfgmnyxddqmirdxhhltlnqzgqvkolpilsinishrt
fltmzywmgmjtumzjotwqtoutyarwqidxvwkwuiicwuxsgybwtanpojipjblbkqzhmleivovielmhzqkblbjpijopnatwbygsxuwciiuwkwvxdiqwraytuotqwtojzmutjmgmwyzmtlf
aufxfmxmwairqqmdxadvmrxqlhmvmmxohdnorlaqnjhdbvgyvjvjdubocqlqeiglntzfeaxslgvmdemaphmsbpgffrxkcdxpxxwbzvvmbtyexkfmtrrtmfkxeytbmvvzbwxxpxdckxrffgpbsmhpamedmvglsxaefztnlgieqlqcobudjvjvygvbdhjnqalrondhoxmmvmhlqxrmvdaxdmqqriawmxmfxfua
dlortfmcamgmvcnybkdlduzkhcniekkjwzargouiaauyejyftdsxxrheuwnyhxhffhxhynwuehrxxsdtfyjeyuaaiuograzwjkkeinchkzudldkbyncvmgmacmftrold
igxliznpvvygxzlmfijoyayasjdqboobqdjsayayojifmlzxgyvvpnzilxgi
vpqgafipcyobtpwtohaeeahtdqrrfhpaziizpqqrqeukvqflxfrdhzwmrqewzvyyfgxuyqnpwhzsxgfwnxbuwygnommpkkoprnmpdbecjffjcebdpmnrpokkpmmongywubxnwfgxszhwpnqyuxgfyyvzweqrmwzhdrfxlfqvkueqrqqpziizaphfrrqdthaeeahotwptboycpifagqpv
ziihxirkkniklejpzkdoegyfdscxyckzmsgjdxtpmdbxikpjwsxbaxidqkbqmnpzhvkmugbijehrrwcnqzoqzyyzqozqncwrrhejibgumkvhzpnmqbkqdixabxswjpkixbdmptxdjgsmzkcyxcsdfygeodkzpjelkinkkrixhiiz
xzxivztymjmgjeekjlululhuhzdgfdtccqmzrhxdqmmcqqmbmqqcmmqdxhrzmqcctdfgdzhuhlululjkeejgmjmytzvixzx
tdgwhvmuqeeffnlcqxjlhantwtzpzyqtdxrkuehnklsryduqafdjfscdlcslcigfhxqcdzrnkjhkodcqihzpzdskfkxjudpcbhgegxusidcwggmonnfmqzyylwhfzwzfhwlyyzqmfnnomggwcdisuxgeghbcpdujxkfksdzpzhiqcdokhjknrzdcqxhfgiclscldcsfjdfaqudyrslknheukrxdtqyzpztwtnahljxqclnffeequmvhwgdt
seeuqaokbyuoiqcdeurzpawgnhycqssiyyeqztbctvrbovhssyuhaqnnxnsphmahkexlzyovwhwkefewfydgqsvpfnfozfvmlvxntnirugbbmgxtgbbxtxmbmxtxbbgtxgmbbgurintnxvlmvfzofnfpvsqgdyfwefekwhwvoyzlxekhamhpsnxnnqahuysshvobrvtcbtzqeyyissqcyhngwapzruedcqiouybkoaquees
miivpcraaogdcfgyhgzehhpqsbijtcehectjibsqphhezghygfcdgoaarcpviim
qpuqxmmrckifqplwwobgespcvhshlrodjivgwixaufikxtitjjznerqzakindxqmhlsevqgqgqveslhmqxdnikazqrenzjjtitxkifuaxiwgvijdorlhshvcpsegbowwlpqfikcrmmxqupq
awukghthdckrrltcicvtnugoriksdnhdjdppniyqkjhbwbfefcxszgjqqtkuirzrxpikzhakqhnokvssxsmwaxmqtwkbqkvnbdxakzmcicqtxlnwdbtdzhvsggvysqlvukuvlqsyvggsvhzdtbdwnlxtqcicmzkaxdbnvkqbkwtqmxawmsxssvkonhqkahzkipxrzriuktqqjgzsxcfefbwbhjkqyinppdjdhndskiroguntvcictlrrkcdhthgkuwa
kyeovvjahiwdlpnzoadindjakrkvounasrqpnzpuilzvdmutozebezotumdvzliupznpqrsanuovkrkajdnidaoznpldwihajvvoeyk
uqiltwmnjswqrkvbaczqxycscgafekxycilxgxmpskhjuemvgllejpwnnwpjellgvmeujhkspmxgxlicyxkefagcscyxqzcabvkrqwsjnmwtliqu
cdmobovsatabtlxhitpuvrebmwjriflmiaalqyesrgwlrtsbojwllwjobstrlwgrseyqlaaimlfirjwmbervuptihxltbatasvobomdc
pdxevkrriczbpelcpgfoeoqblibpwzdofduanosxqryhvkjmqqbwetxqbyfzzknenkfcyzzqqyxokhacxdycyxuzxbzwlmdzykbwjbmbbmrntupssputnrmbbmbjwbkyzdmlwzbxzuxycydxcahkoxyqqzzycfknenkzzfybqxtewbqqmjkvhyrqxsonaudfodzwpbilbqoeofgpclepbzcirrkvexdp
daidwidwuzfcsiissjqplukfwmuqahygjijhqoemqjoityamisbvmlciayachaiqiahcayaiclmvbsimaytiojqmeoqhjijgyhaqumwfkulpqjssiiscfzuwdiwdiad
zrmjssyhwnblnlwsvzzsadzttbkmunsvgfhyzfivsjghuezseakgelczmmnjbgehlliksqhmzpuwttozuaialmbaarlcxrjkdtwxjdklsehnzxntxvvkhzkhsxlrpvbuubvprlxshkzhkvvxtnxznheslkdjxwtdkjrxclraabmlaiauzottwupzmhqskillhegbjnmmzclegkaeszeuhgjsvifzyhfgvsnumkbttzdaszzvswlnlbnwhyssjmrz
gkfeacsibtxpmomwmnteydkwvxouemrkwzoybigcedrqrgmgvimulwqgwhcatwmrxcpymwcqbvgvbvdzdptqmlmqtpdzdvbvgvbqcwmypcxrmwtachwgqwlumivgmgrqrdecgibyozwkrmeuoxvwkdyetnmwmompxtbiscaefkg
erknmbwcxckojiqjseduxalozebxsxlyovmdyifvnpkwzcirgnndoyuncxnxuyvlvjouutrhkdfjfnaobptpopesmrmsepoptpboanfjfdkhrtuuojvlvyuxnxcnuyodnngriczwkpnvfiydmvoylxsxbezolaxudesjqijokcxcwbmnkre
iftrchfndshmrilkzqxjegubvdymhirpnniswnhziqlbaynapkltqgwolvasdujtjrlfhugplrslpfngpbbhhyvuvymyuvtdogkvbqmohezyjphyqiizidtdbhbdtdiziiqyhpjyzehomqbvkgodtvuymyvuvyhhbbpgnfplsrlpguhflrjtjudsavlowgqtlkpanyablqizhnwsinnprihmydvbugejxqzklirmhsdnfhcrtfi
fwujxzrpytzhgpvplcyvrihmddedynugjqrhqkyodyylptaawavpkfcokgriunqfehowsnkxnkjceldcmaryhtmrcgcyvsdzcsvwhivusgwysbcgeuelptftbhrwwrhbtftpleuegcbsywgsuvihwvsczdsvycgcrmthyramcdlecjknxknswohefqnuirgkocfkpvawaatplyydoykqhrqjgunydeddmhirvyclpvpghztyprzxjuwf
tmxsxxzixmyjiqefnoigbcphvwkdgrhzdgucdvvdcugdzhrgdkwvhpcbgionfeqijymxizxxsxmt
ogcvnptcmznnsgisqbupusnafzqacubsdfnqxivjhkyzsggszykhjvixqnfdsbucaqzfansupubqsigsnnzmctpnvcgo
ibmqhdiblpamdwwvclycpebtfpojqnkaowqvayznzyavqwoaknqjopftbepcylcvwwdmaplbidhqmbi
xrcrccfcxuyaqjnnfknwafzbifbewjrvawofyuhvogyhrnwyxluzqtbaaeeyoytquivscfpslpbeczdbkzddvgdvkiuagntcvowzvluidxnhzsljrommusummorjlszhnxdiulvzwovctngauikvdgvddzkbdzcebplspfcsviuqtyoyeeaabtqzulxywnrhygovhuyfowavrjwebfibzfawnkfnnjqayuxcfccrcrx
ijevbvomyrzsfcumdymewtwcrfjesfacqhxrcndcffxkjtynrntqqtnrnytjkxffcdncrxhqcafsejfrcwtwemydmucfszrymovbveji
zyvffebbsbpzuyzkofnxofimqgwdqvtqtrvbvxcpatoutpehwtekypzrxxunsndoebpbyrsamiufxamtusgshflgcfwxvblbcadctvcfgwmdzyztqffqtzyzdmwgfcvtcdacblbvxwfcglfhsgsutmaxfuimasrybpbeodnsnuxxrzpyketwheptuotapcxvbvrtqtvqdwgqmifoxnfokzyuzpbsbbeffvyz
btuwppvfcdzbdhqjiewmqqgemkcxninqcjotbkafnzgriwcqcaesqlycxczmlodpatkbdlgrkpktnmlqoskeflgenhravwpvpawvnfoxuysjmgbaaoeffeoaabgmjsyuxofnvwapvpwvarhneglfeksoqlmntkpkrgldbktapdolmzcxcylqseacqcwirgznfakbtojcqninxckmegqqmweijqhdbzdcfvppwutb
uqidqkhusnkepdccbeokemlmnfvboiwkyeprownijxmaarfbvvnciaqxioywyoixqaicnvvbfraamxjinworpeykwiobvfnmlmekoebccdpeknsuhkqdiqu
tzijcwabffoyvpcezowalbsetrwuvgvoovgvuwrtesblawozecpvyoffbawcjizt
qvvsvqndgndjootvvvnolnvksnwhliucdpwahjeozhxpyrktozhbmeoggoembhzotkrypxhzoejhawpdcuilhwnskvnlonvvvtoojdngdnqvsvvq
gsqsothpkdpcziozaxsdezqrrlfoehckzufqnmhyrwcqgqsgnkjulblcmstszxfyrkqewxenwifcaxjojukvyvzmpuformoiwfpupfwiomrofupmzvyvkujojxacfiwnexweqkryfxzstsmclblujkngsqgqcwryhmnqfuzkcheoflrrqzedsxazoizcpdkphtosqsg
jvoegcetlpprbwwiqtuzedusppqbqdvzajdilicyztpapoifjegpidjzszbiewjghppuzrvymmbbclimqqdatnzoocytaizhxqewjzwvlzwowzlvwzjweqxhziatycoozntadqqmilcbbmmyvrzupphgjweibzszjdipgejfiopaptzycilidjazvdqbqppsudezutqiwwbrppltecgeovj
ybwnbzouruorxtypiejxdwemfcteynmxrikuhboaxctuxrlfvuuvflrxutcxaobhukirxmnyetcfmewdxjeipytxrouruozbnwby
ljgjebpmtmqumphffvmqlhbtfroqhrevamehnvtihjcvymbfjpwuzzpetdwawdtepzzuwpjfbmyvcjhitvnhemaverhqorftbhlqmvffhpmuqmtmpbejgjl
ckrvbcdhqcqzxhibicftlkudzfbeoyvsjppmruujwkkwtsxexexirtnqypwopsiajzncthlstvqoppumttwkmkcmbzcqtkrelggfntziopoiztnfgglerktqczbmckmkwttmuppoqvtslhtcnzjaispowpyqntrixexexstwkkwjuurmppjsvyoebfzdukltfcibihxzqcqhdcbvrkc
bnavpnrcvwgzjqbqeifxtgikhvvzmgbptbllpepmbxlmppfuzkttsbfaxabllbaxafbsttkzufppmlxbmpepllbtpbgmzvvhkigtxfieqbqjzgwvcrnpvanb
ottgcwubybalmdabulycvtwhzritsdsizoqdknelogwdjygfjfifygoxzwsrblbazsdlhjyvpuaaaupvyjhldszablbrswzxogyfifjfgyjdwgolenkdqozisdstirzhwtvcylubadmlabybuwcgtto
wutewjqwmxasrnrcpaucsnsobksxlxpjrlnpwdmibmdubuzqwvtoinfmxxlkuctonidlmpupdzjetixrdqiodnadknphpjxdraardxjphpnkdandoiqdrxitejzdpupmldinotcuklxxmfniotvwqzubudmbimdwpnlrjpxlxskbosnscuapcrnrsaxmwqjwetuw
twqivovwwbwqipjesbtnymtgbloejpbcntkijhggicwtthxnlqajfvrghfkswovjjhttpabxexqygqnrgqclltuubgnzwkjgrebibergjkwzngbuutllcqgrnqgyqxexbaptthjjvowskfhgrvfjaqlnxhttwcigghjiktncbpjeolbgtmyntbsejpiqwbwwvoviqwt
zflrzowfegbifkyawgzdxntgskbunbpphdgircnxkqfqbfszlrekgxryhuuuwmjfprniucfgsmwvrowfhappxiogfkdbwoingvvcxcirohnixjphmewlpmuuxxxvnfnvxxxuumplwemhpjxinhoricxcvvgniowbdkfgoixppahfworvwmsgfcuinrpfjmwuuuhyrxgkerlzsfbqfqkxncrigdhppbnubksgtnxdzgwaykfibgefwozrlfz
tsdmpvlxmmicfkrtrhhuxqphcpreivvdnarfwdekrmoxxfqomzijrzrvqkzyiwexxvctahfsvtrsahinjtycsrylexlmuplrnonrlpumlxelyrscytjnihasrtvsfhatcvxxewiyzkqvrzrjizmoqfxxomrkedwfrandvvierpchpqxuhhrtrkfcimmxlvpmdst
ivxwlzwnqgjehzupcavwsahtabnhzonhkkfvmelekukttkukelemvfkkhnozhnbathaswvacpuzhejgqnwzlwxvi
hpzfpcxxhqdrihuntanzufanpsiefihmxgxmhifeispnafuznatnuhirdqhxxcpfzph
typmmxgsnrrlkfuciqmideyseswurstkqkyfhexwxqkiwemeuyozcprijpfaiamakkfureqqvayrekxajlznatwjidlsdztnkyjddatacurheooehrucataddjykntzdsldijwtanzljaxkeryavqqerufkkamaiafpjirpczoyuemewikqxwxehfykqktsruwsesyedimqicufklrrnsgxmmpyt
rggtjagwxsqteqbdrfbcseuabaqhnyjgeqbpqhoncgigwjlppljwgigcnohqpbqegjynhqabauescbfrdbqetqsxwgajtggr
vpekkknxflykfcwgispnakxcflgpwanrrrbdcrajeatjcpsmkjzktwoajupfwfynwcqavsjzsfiwwcjglktfhhhsczyaeyoccoyeayzcshhhftklgjcwwifszjsvaqcwnyfwfpujaowtkzjkmspcjtaejarcdbrrrnawpglfcxkanpsigwcfkylfxnkkkepv
gkgbqasovosaefjrdymdnrcanmeuuescqagiaayvvyaaigaqcseuuemnacrndmydrjfeasovosaqbgkg
vnhwvnnfrkvrxtmhjtafcstwbqjeeyyzlhwgulmowjhvewcnreuuzoscgdhnbhomrkvlyjbuujryhvvhyrjuubjylvkrmohbnhdgcsozuuerncwevhjwomlugwhlzyyeejqbwtscfatjhmtxrvkrfnnvwhnv
zfagzttfluqvdluqqabstnwrwhmtvxnucncdivitrbqumknemowgbuzxdlqykdumsxpcuzxmanioxvsmlqsmlrloeddeolrlmsqlmsvxoinamxzucpxsmudkyqldxzubgwomenkmuqbrtividcncunxvtmhwrwntsbaqquldvqulfttzgafz
ddoxvjtytmbqztbrsxekvibuzqkwzqqzwkqzubivkexsrbtzqbmtytjvxodd
psltaywgdnmymfmekkydhoydvcjglzddtoyumuasjpswueceoahxohakljswlvbejzayvdqfskdmofsffbcvkdhvoztzuvggwieslwxfgatwhlbmogjyjrvzspznmfmnzpszvrjyjgomblhwtagfxwlseiwggvuztzovhdkvcbffsfomdksfqdvyazjebvlwsjlkahoxhaoeceuwspjsaumuyotddzlgjcvdyohdykkemfmymndgwyatlsp
zowqbuiymaejjyldrmihvakmbpjjcvxblttnnbbnnttlbxvcjjpbmkavhimrdlyjjeamyiubqwoz
boihqlddsglpsyloqiowkdrgfntdqztrndbdqgjjpwahwnnwhawpjjgqdbdnrtzqdtnfgrdkwoiqolysplgsddlqhiob
odkgccbnesxcvrmuefvfccrnweugecpmzbubeyqkqqonhbkoihvkjmzfqvnwxflwghakfqxyillqmvguebgonhtfcjdcooywwyjdrgbzrprgmxcralfpsauxlyylxuaspflarcxmgrprzbgrdjywwyoocdjcfthnogbeugvmqlliyxqfkahgwlfxwnvqfzmjkvhiokbhnoqqkqyebubzmpceguewnrccfvfeumrvcxsenbccgkdo
rjibxllqycjmfojdjwqhueapwamawbkqkvrhgfaejlsozcrkyksuoujkwxktyxljscqajsetdzhfbzpzjhvzeejabwvatglnldnuwtnzsvevwwuhfpgjvrkznffnzkrvjgpfhuwwvevszntwundlnlgtavwbajeezvhjzpzbfhzdtesjaqcsjlxytkxwkjuouskykrczosljeafghrvkqkbwamawpaeuhqwjdjofmjcyqllxbijr
zslevjxrngtbuasigrzkyunwyerlpzzorkvotsfjyakuaecivetwagszmlmbknsbynnybsnkbmlmzsgawteviceaukayjfstovkrozzplreywnuykzrgisaubtgnrxjvelsz
djuscovxxvnurygkgwdgfxtyszfpnxirgcjirfhqcumtutfcriircftutmucqhfrijcgrixnpfzsytxfgdwgkgyrunvxxvocsujd
upgxmnjudxjwwoqovybzyeagvadwxrutiatupcqscbqasiopgrofvonqqqpqqpqqqnovforgpoisaqbcsqcputaiturxwdavgaeyzbyvoqowwjxdujnmxgpu
crytwmrurkudrvvunipbbugwrmruuvgwngrlsjgltcrmxmilxxoaruxiioeejmbyuumofuzawqowdwjctxcmtzwcpcgbojbkgnylhyogqccvzlxukchddffddhckuxlzvccqgoyhlyngkbjobgcpcwztmcxtcjwdwoqwazufomuuybmjeeoiixuraoxxlimxmrctlgjslrgnwgvuurmrwgubbpinuvvrdukrurmwtyrc
zjawqvknshzsbexjscwdlmmqlroogzbikbecyqpraoldslnmnlqazetkvhaeidmufswdkmwkciovtdjiqbkpgdcdlehtivoppmumppovitheldcdgpkbqijdtvoickwmkdwsfumdieahvktezaqlnmnlsdloarpqycebkibzgoorlqmmldwcsjxebszhsnkvqwajz
wrusiimoaebbiulhvcykikhalzuvsilpzgjjoxzobcrkwftrhrdrcmuplomeyyvzeeksejifnarkhkkhkranfijeskeezvyyemolpumcrdrhrtfwkrcbozxojjgzplisvuzlahkikycvhluibbeaomiisurw
dmvisrkmpjlbhfdfldfyojbvkwvogpgjdbrvvdimntowbtbmygmnrniclessvbbyevtbydqnzgjazmoyublmqvqezkwwlzuswqtvvjkupwwrinrdqcpgzhkbbkhzgpcqdrnirwwpukjvvtqwsuzlwwkzeqvqmlbuyomzajgznqdybtveybbvsselcinrnmgymbtbwotnmidvvrbdjgpgovwkvbjoyfdlfdfhbljpmkrsivmd
mkzoumslofqwxagmlexijgggszaffwctcwffazsgggjixelmgaxwqfolsmuozkm
ozcfhfeeetfdofusjqkzvnwfzbkkywqovvvfazjhvpmjwhbggbhwjmpvhjzafvvvoqwykkbzfwnvzkqjsufodfteeefhfczo
nceosdddohmzrdisgaxaaexemufojynyctmuwrylammuqumywjaynxdcuksflhdnbrkxjikjwwdotrppdpqsntwjfqoqyrgbiqytalfwjkncccuhtkbgfafgbkthucccnkjwflatyqibgryqoqfjwtnsqpdpprtodwwjkijxkrbndhlfskucdxnyajwymuqummalyrwumtcynyjofumexeaaxagsidrzmhodddsoecn
zdvtwwnvidfsiiflvxgkzhdywuacnacpgzievxzedgwlqdwladybmbzkvcvkzbmbydalwdqlwgdezxveizgpcancauwydhzkgxvlfiisfdivnwwtvdz
zxwdphxahuvqgaienwfoedqockuqisijrhhrjisiqukcoqdeofwneiagqvuhaxhpdwxz
jicveosturbwelsnsnlwqmbmxloxpyszjwupmoigflemelfgiompuwjzsypxolxmbmqwlnsnslewbrutsoevcij
