850369719
5355863
59079
1031028559
11
485855443
233816983
778169731
2705135
430647091
21886327
1996863
1461263
720195
765977099
1207
1066042551
846719847
25688915
130125543
3585223
192132411
426677579
3227635
480022387
294650691
78707507
6087
321080159
1407526271
1445859
423
469964763
1519848527
19663
143319
454395783
856010555
716458303
1275196791
5654907
988776071
117891115
128375
187666747
151230035
29906835
54218283
1
110995311
