55728 55727 55726 55725 1 55724 2 55723 55722 3 4 55721 55720 5 55719 6
