1 2 3 47131575611704 47131575611703 47131575611702 4 5 47131575611701 6 7 8 47131575611700 47131575611699 47131575611698 9 10 47131575611697 11 12 47131575611696 13 47131575611695 47131575611694 14 15 47131575611693 47131575611692 16 47131575611691 17 47131575611690 47131575611689 18 47131575611688 47131575611687 47131575611686 19 47131575611685 47131575611684 20 47131575611683 21 47131575611682 22 23
