1 591723034310272895 2 591723034310272894 591723034310272893 3 4
