96015 48007 72011 60009 54008 51007 52507 53257 53632 53820 53726 53679 53655 53667 53661 53658 53656 53657
