1 603267618438799485 2 603267618438799484 603267618438799483 603267618438799482 3 603267618438799481 4 5 603267618438799480 6 603267618438799479 7 603267618438799478 8 603267618438799477 603267618438799476 603267618438799475 603267618438799474 9 603267618438799473 603267618438799472 10 603267618438799471 11 12 13 14 15 603267618438799470 603267618438799469 603267618438799468 16 17 603267618438799467 603267618438799466
