5595 5594 1 5593 5592 2 5591 5590 5589 3 5588 4 5587
