abkanmygaemeicuddxuhtmizdtpynlitzqihdgpfmcjuedzjcurvibvoumojzyeypmguvvbhxkeeofnqbgokjladxooyntxehfac
ackdqgdvtwxckjlvjpuzfumyrsgyukbxubnmhqicmfeyoqvzhryomnndfvecffbcioorhwttdautspsbhrpteeylzcphhrlphbiq
aesjxwnosqzcqydegxwvrzcioxmtwauapbiiozqqigqmsvsyuowmnywdyjwujruauejlgzbqhtccouclkyxzztcxebtpupqquzbc
adfelygtzlryqdeoxmczmfqurcdouwrthqyijpczhvviwxkbruanhofzpjqpmhjvyjejaikidhqcgbdxxfmgwrglcydohmmhxqtx
aclcbxhtravxqptekvxkkqrtimsawxyzzjbdhjwajsxajrgtodgztzsdlkfkkdjlnkowtlwffwhonnkdssclluatynrggstzqkfw
aabumzrveebizjvupjqcwbruqchvmtyvenitjbgiinerdtenwwhbjyxzbgwpzxlemvzwyfghumyxhfnfbugntgowmlloiysuttss
apekemaqyiklchwbdvfymihvecaugmjgcnticvycgknkrkmsgckdvfxpfyqzmqqiwvlgwubqknioljgslsxjxuycupdjhttfqemm
amydkfzvbuoskdlgjqmgvgkqyzokitlihjlspmpsidksixaxhtvveeqiiqcofnwjdrrfpsjvcwhwivtrpqotwedexfuetsnwkgdb
aftgjkrhettrblrxmpdhispkfhemysnoykuldvmrfuntducqotfdlnjviruilhxkstxvojowgbpjytbmngqawbweusogansuhprx
alxbftwvktztqprsobkcvjzvvuqvnpbqcarkuphejgzbvqvltfpqqoloidjwtmovvmycfhlsyuwtopxbiwqyazisouxvymtvytxf
acdvgrjdjkgpcrynhufzshxbssnnffjuppfvpithdebkutbkfptiardnfzamglivaotrymzcscoovpzcgslhjouqpwcyjktjaodz
ahqbnyvbfrbgufxrxdrancpgoiuzlvblctshqtjuweaqqdbalqferumlalejkhbcuwlkrvgobggtmhuxzbcqxqezdkjprmroidyc
abazzezhabssyvyjblinprrmtydwezbdqygjavlrcazwznrcatvpnmbgmgcqffwydejfcxwexvcyiwajrxaejemxmqpuvluasdfu
anoidrimsusuzbfzmrazdgoypeprwcsypgjsarhslzolatmolmqovgomkdfifyhxgqpghyzvxpdyjzldbdjjzlmbnlgmvgqpaqkb
alvtlbstorjyxozndzcnzgfawrrfoobobwjoxchntslsjnfmmjcnqhnobetpgzjuquigkfmaryfxglxpkffbonapixeqznmpjuxt
amdrguouekcfgxqpuufxtolsqvgmntewgmlvvninwybxevobrtykimdyhlkwertlfggavqqrqrrvohwibuujgzjpkwmpphcunkwk
ahyhqxxfwzjfwcflbjtoxymnqozplwjngkvwhsbdtmkqorbqawgzvspnhocumojsyeofzrlsgvkunyzejxqamxcgmofwqrajxwxu
adnsuufcobynriztlmbdeiqjjjjxwzbweopalwczycmrkomwanbgvtrhcagybjvfamflnmpksphlguuwwqimzbkgrshldbraonnb
arvdtbvmdgleomxovkhzsthphqreriurzpxukjmklzcypowrexxbqqkusrsucpbcdhnosaygbcestcjxziyryjnqcfmgxojavyqp
aghikrcgxgzbsjctuhwbubrgygdlncdgmsocjsvtopsemnxgwvjqwbxxhaiwfncrfsvqnrkbiehutgcrcmkanjzwjjsqwwjbrhue
aqsflwjpjglsatflgmcvbbsbqtkhbrybksivotkzaxsarzmzooxprpskldrmwpngixbyrnyrfsbdelvwjsgljnhpnnyvzpzhpfhq
abaqsvtnedlrzulstcrhbfyyxpqrbbwtptkezubdtsqtlblffeohmmhjexchazcpunvvhxycprvbsgiylwhzlokromyqlbifqdbx
adymerahzhxckwfmyxgwqtctgtualjlnolzscbbblagvxljxiqtalvvsqrsbafoprqjttlxeldckqniafdarbxjrodvpljgcbqmk
aorlkpbfeifsfzzupwarpxvaubozfartiraotrpqcihidytpevqtunwprkqymkrxbslxlcnokwwqupfymxsgnqxgcqeoawlbqwyb
acscmmxuguztpmfiobtstsqwsgodtdgakofcwhbqwarqowydzrvsjnoewehpkqpuewyadatcckusgsxfluzxipbgukveamahkyjq
agjexxednxiunuojgbpifnmamfqrhcnjkwnhvukjtsfgmvaszqvfmgcsiosryqbordivswumepoygosfgokswmkeccwcvztocblw
aksrepaktuaxcyucftpveybwfcyvxusxenrkeruxnxwrxrtdmkarjdnqgmofiicnvvxzouwbruwgecuqegwvxfzlqjjfqfzcqswx
ahvomdxrssosudmsednzrzqnapjrbiybqtsezrxrlmjfpvyvalxunnhneqgfyhiqccxbtutfgekvckrcwqwldfrttomotyzurkzh
apqozlpelnxhxxkeejudewdqnflyeoyffovhcmlnclwziifpsauywyjveqwnyoqblrwgmbmtokvydxwtwhybhhzoxvbxjravjxbx
aawgsjgnuewrjizyosfvlciizpvfcypealkvxqirxeigokgxqlfbkjrkqzyogcctreenfpylesnysjyjwdmiogsfftvlvxgnelcj
aalwzbozkpppvrdodaotipchwkweqjlqjzolcfkoubgpsjgxlwstlubidenyrphzryvwavnevzqqygapfeamtmuyqiyhxhiofdlh
abflazuyflaczfgbamwsehzhstkhzoxizptaggdltrfuxwpjemubhoobrykqmjaozvohcrsvjzrivgrcvmfcctftsqleblscgjjk
apqfmjymdklckngkvpncnmgqticvgwxjnnqcyoqbbbelqkvmbiqrxwhqhjlphlyuaryzbctlfxtqzsmxzyzczgibhwxbchckzwuc
abqthfocgqgsgtpuwalnxjwnqhbiqminmzlnhaqnsyharzvqzgdypcnijosccappcacjcuwutgvkfqcgyienkrxvipxkqobsrgdt
ajarqzkodzccqybxpmzzaycpwfsomwgmfjfwlgodiubqaqauoyefvoxmsrdyuyywosfzaueiqfzrybnozrtxhrjzioxdmybbsgcs
aoqtwwbfdmkploffhivgasqymkpwswxsmnoklppqbcgpqnuxxpfyhxyviprclovirmnqrsiptggghfifkzcprsbqzqvixtspigfz
acheentwapwzedxnbxllmcnatkayvmpwqwcwjvtlkpkqskfvjqgwvwyoiaoeodcfzebkbwxllidguiddzkbuizkqbywqcyxadjko
blggtdhjdsreeuwtymogbxrpuvmotdzwogfjlmsqhjungsigfxmgufwqdcyodxlqkvtqreuvdgwzqylgzjdrndotgpjlmwcwsxpj
asruxhwnimvbjnovmupshhnbvoszqwksodpoklbszxvkmkfygwsofgraulcnhofysubkewpgufozobogrxrnkxgsflrttmzrecbl
aqukqwtjkrrejyswjrochrxgosqcexbnwvdbbueyfilpwsnopdtwusflmxnrxogtkjwndclkkyzhroxirqeoklzxjmqgdwbpfxck
aghbvobaybsuniqjsbajhlhzjrqclvpoeyrbmsbmtvjjezswcufjhpiriavvyljclbdathmpcxagxsebomlvbvojykewxqyitsdl
adbufleeyozmeooiqbfzoenmmdssxunxzpteardimmxdpwdxtxexnqkjrfzcfjgbiwbtphbetajkxnksmopaezlxhmzmwfqgerzv
aakeudkrzwqmoiubmyjaoiotyfdqgjrwpfidkdvjzljycccecngrxumybpoiageqnpvxurjtestguvkzlqqimegotxyufemsthrp
aifzmdrfapbftpzpxqeztpepuqgvnwhbeeeshvyjkbqerpvqhzpcqtslmaizxqcduhydcwmnzetqvogepwhirbvdbdeavhgpoeuq
amfgdtkylmgrnvrfeigsqcngsltmljklxrrbkdbxpjqcekkjuqdkursnelbpwlauetxqwynlheqoqaxkscuashoymgwvqowltxqy
ahgqbgkioakfwukseteomfxmvmzazapvnsprnmjkmxxudpitrhfjlbwhpxhoayjpqbjgpsscpryuhinarukcvijkhqahrmzjnipe
aiuqlmfgrsyhbbmjtdtwmgeemfltxobjwqlhxidjckdgyrnxwgukoyobfcwcqxmppxyphdyjndqnuflqohbehrhntdpkddzsbxji
abkhfdnkclsxconotwmznycrzwuygeboyrzkyhetilulxdetztsptugtqaryesmflopmxtfhfbtefzxgspvolbhedackvppifgwc
agnaosfmeymnibjhkjizcirnhevrwsvwuhtlweqeavgehnjmdvqonnqbcgtyaqxxxsivwbzxyidfvmryhhouxhybptaqjznirxfo
acmyoycbwtwzyakknyaicemniudmqybtanrrnwslprkntuzgtaoxgdmoxqcpqdibecpejefxwmlcnyrvbcclmkmqveeekbfoewvn
azmxhwdfyzwibfspuprcvbfscdortckgyespvcfrzexugotprgfqykhonqhiurpuwjltnqkmxiifwcupkchimowbgekcxbwtkinx
aipfcqjxbjmnhpdmcxypphbrfvfondnocblmyqtyqsjtxbjtsayndfifiyvwbikfmxrkonigftzevkynkydndnullpjmavrmtlyj
akkygensqztbipnwsopyidjilyppqamtmbhvskixjimyrqrwnwuvzdfndwcwwrpisygkiohuwwunmmmziiwkmbzrxdpvufgofmbq
akbvnpejcwysovlbruxdevrworrfnmmvcrhdhhorhuyupqwiteyiaswrkowzciuecbilkydtsdnhtlsppsxrkujwkhxmsrsuucfg
apqcsyyzgknrrbxpjhvukhcxkqlmxtpivkxmoionggdesexoebsbsqregctgwiotunfkwtxecbiwhikljfodxgiekdkglazhngrl
aoeyoghbtaswxjgggcqnenwitvtpffdfwifkqoljrghqppxwrnlwdkewhznmhttddaptpbegjlwybtwsjkqouxmbwcpjeewkvikm
arzdvfmiemjzleivuwrrlsqnjxitiidizdnwkzgqnsqywyvsxmmkgexpbhijpmtqriodhuuxmkvkktdjfrtmvqdwxoiocbfvikyi
ardknphnckgbfxxqhkcupctdrtislrumkzwxqfmsrsvzptretmswtnqsbcqmnjrwoiscdiibiwjwynbtzvpuiinkmdyzopyezqjc
aiuuulmorrxdvtvxmyqiiitbeflfekwlwofqkegfxfisyfpmehuopoqtvdybounmlsdxylcxsmpssgeynboerezmkzoawdmhxpex
adiuathomadsugghnrgheuamoicggxsgddafwjvjjydfekmudtbhpdudmyjuxecchchfodqzbufigrcmgubmlhlzrkntgsgppxvm
aeygtgjmftbkphwnsskwunfzunnzdmdxtlfnppzukdezkdmexwdslkrixghbukaoxgbmxcihfpiruuwrsbjglcojivkfimtfswup
bosuhxtqesdnuvivynkucucdzncxhvyqdmvrvfohkwtdembydccekymjnpjumjnpvigqnuzyttdxhfxmjbqtzdepupjizwxwefpu
abnsjshphrujnvngyzrdjbpmektsmoqorghbaqqhhmqwhfegfvlqycdcszaxgpridlenkyfpsiemenkecwzeqdklfkilbbvgoavy
auhqdjnfmucebbsyuetnovmwmizygbvgycybnnyubonqgtzjtpzcwosuxzzfewrxvtcxiaukqhcwcbfvqhzovrkusjaxgrwdmyav
aioiwpivzcjrtxiqpcglnnjzildlpxkjcfysakqospoaskismhwaufbesfqhectgjraleqzyhnzaxjsmsoopvptowjxbnshwmihq
agrropgynhbwbwwjmlnvybblezhfkpomvgfkvmiivlhwjdiyqvtoyubetkkfzyuvgzhcnpmldthmyrmonffnbisvtccembywzkgj
abcjbbwqrwrmpbticnqtpfxsdvqttugvxjhymdrfbirqlkbnaripzhhcczvxtevrnerbuaypjaylnoxyttihrbuiqznebvwyqycl
agiflndpuzgvslhkgjsxbfjevjydaxnhzriwreamxpqqqzbyktxobhswsqztpocoglnxpnlofdevefwpbtfcczyvszohoqywdlvu
amjgxeaykjfxyimshtqcgnztntykdnxdzglzmmxyxcvxnhpuchylvxeisfuvutbvzmunatlxygulpmhutgfqflayswxxnxsfximn
afzdyezbxtrankllvdgqqwdssvmpwiqledlyojwwfjmtqipwnhcaiatevhwurmfwqqwgbufjdtctbtsqbuqjwlpttnpmauisngaq
ahxqtajyxrozyscbrgilpucgcgavnnopwnfrnoqkhgmhaqinkhwnywszctfdwfwoflyryvueokctdvipceecdxcfsjkooieutenr
aepqpyydgytqsrjagxjcmdxxikbesqfsuuklviobjjtbccdjcnlosknbuofpgljbhuoeefhnqbrtfuchjuwsfnmjtosvlfkbuipz
amlspbokshbxkdkzrueopxczlfwbklixulhqblvgtkxwbqbyulhlilmvqixdvhaqujivxfesqdottrtpcbcnmoifxhisqkkkuvit
aagsxrlwcygscoolohvqpjhxvjaoemjuwvfssnltzynqzbaujbrvgduxzaodmzyluffnstitrvlrzllkoefujatiahmpgmcdrhsl
anindsjvhsdeqohehzgdwnqqmpimnjjqyrdblozsjezzsgfchnffbvvnmgbcrkuqeztposkzyjatrfvavcgwztsztufnuwyqawzu
ahdlolmqdxktdjmszhcyfnyyegvhbxnzzqkncwdhvpayaorcxvcfjbfpjbwkajjzcvmgrrnnipllfenfapkjspybsxntiyumthsn
ajynuesjjsavdvkdyfaoyjmsxibqxczxnymjeesnyukbrwfqbhezssuqcvizzhymflvjrpyqkitbfatiixkcsesubcwbkuprflbx
abpmmiqtjjbtjlvdpqxtstwcqluvyxubylnmufffrhycsvfkncfgybkooglnfgogtdsnlyuchuebqjnfnslnvybkenzkvnqqsied
ahpvlrnweskzgxuebgiqfunskdnvjqdkavhloukuowtuvqywwjocdbwqhjlqcqccnjpbdbwsxrmthnpeweibheroqehuxjyktnmi
abqodtlxmgfgornmytsnbpypksobhhjuzpsfztmdldvrkpotnzodnnuxhiaoqlkpacuzwifjlacxsrthshkhweggpgufsfwuhswf
aivvenlixztmowmjvcdfzcwjubkjcemcmixrxlbxkwjzuxkpapxzrtklwvwyzjcntcgqnjnutuqqdkmlmpbauwoskuzqkqdzoytb
almxqlyshimfkcccmlkuqncvalohyqgybuytfyoogavsczxqlhmdwpyzcnibdobgizzqxnggxfyycwkrwzoxsjhggccgdljtglzx
afhhgdmuvpmczgmcdenzvovczxbnatgcaplgsxcpoprqxdscjfbfvxjuwkjygrcgpeaudxmqfztdoscqfktkavqlwrbuhjcwncsr
arfgjhnsxctktmnaxhfnsnmjyrwghemjwrqhzfzwjuichvcgektzzfixygdhlprhjjqiopgxjobshnnbnprbgirdolfzqjelioge
argtcgwtnoxmwgioehbnlkqgoitqdtrdlzynfviujhghoowsxxhijxrxhlgyqqrppzzmxfrfsiybrhrbxghwsxxkjdjbvcskbtyz
akklqrlkpmfipshqfmlqgwxodnebfcymkjldjupygvjwnqmvfznnxkcaygcficuvofyxaoxglgeazsvetitqvvrvevcmzwjnckke
ambpiqcwbuipztaotoogjpboapmzwthwijosbsoemyumtwcpmqvvfxlioxhktribcwpjjvdrpvomolqjoflkoymylsyvflnwzfhi
amtjvqiubcgmzxwlfyckucohpiuavrtfqjjfkftdbvsqnonvnzddymprfxuhwpmozwtjbmofjjxxxksmjxpijgbpfwydlnsmlnxo
adrwgucsvbrigpktlphuepohmiyinkrqnimteroasfibwvwjkddquuzgcxqpijfxuurylfafmjiigetqjwidqimshekrorppvfkh
agklfzwlcqzpsuvkxamhvzdktdmgufjwlvhsxffzvfrnzozyoofjniuiogoknxiytqtqvkliiypjebuolatesccaivkwpuazlqtc
amirqztwywrhgbtnvyuwrqjimtyrtfkihzifnynxlxttnbjxohgocyhuvglqnwzuxjckhpjuoepcfybthjkjhrffztvnrwhoflao
advsvbwhekufornyuezihltybstzsrtcxwvntvhqnzzxmuwibvqiililedlyugauexhytqogqpfembmnyexiqfuwkfugnxarujpn
ahcdzqyisxrdzkeywhvyfhfqypqrxgnxppcpiaxcyrhxblyeyhakoxqburvqckecqzuncsuhcqotjbzhjctzzjdvcylfipjargnt
acdqdujurphrgztvhuvjumqtnbtnwplztopwlateravybpvilqrhcjasnwhjlskgicdtcyywytuakpkxicemnheadnmqfwwoxtvy
aftcpkmpuqtheanefbqvgnuwnviqvrpvwkzovldpcyygzmmgnfcvuwuhtcyovnluykivwnmallimzutmbxjvvdfofdfbsybjbzjz
aaevdcuhjkwkoseyyoskjeffltiuqgxribmlqvsdfpbuebhpjwofrcjolelpjzwoexjxudabtbxzefopbeuuifitkvkvuhmbgvyd
akjgihucrfhynusvoielbmnqyuzqjshjeqqnxmrqsyohticjtgvutkkteljngszkipzhbrxvpoekwhurprmkbydfknvsfufjsoto
anhxktjvhkefffurureiuzhkqzkavzwxmfuwyfriqynvdjnyatixupjlqtnntjmhpgcqjexmvvkmlozjxvbnmnxnnbuzqprxjwnu
abzgongmrdwresdfolqhorldklgqeqlhrnnhavtszqjdiolycbhsuuvegbvktirmvhuwcpqbenmxvcvkxbtmbwgjtcacnryagtkt
acwgzvnwmvgvyenruszjeovmhbhrruptxwnsrjwxmtjicbuxkqvmgnqnozfgvwbstpkmajloeuwgxrghhdwprofhpkpkirebirpi
